ID: 0x101 DLC: 2 Data: [00 72]
ID: 0x102 DLC: 2 Data: [00 14]
ID: 0x103 DLC: 1 Data: [63]
ID: 0x104 DLC: 2 Data: [02 7F]
ID: 0x105 DLC: 1 Data: [1B]
ID: 0x101 DLC: 2 Data: [00 CB]
ID: 0x102 DLC: 2 Data: [00 24]
ID: 0x101 DLC: 2 Data: [01 54]
ID: 0x102 DLC: 2 Data: [00 3D]
ID: 0x101 DLC: 2 Data: [01 C4]
ID: 0x102 DLC: 2 Data: [00 51]
ID: 0x101 DLC: 2 Data: [02 25]
ID: 0x102 DLC: 2 Data: [00 62]
ID: 0x101 DLC: 2 Data: [02 B3]
ID: 0x102 DLC: 2 Data: [00 7C]
ID: 0x104 DLC: 2 Data: [02 7F]
ID: 0x101 DLC: 2 Data: [03 28]
ID: 0x102 DLC: 2 Data: [00 91]
ID: 0x101 DLC: 2 Data: [03 62]
ID: 0x102 DLC: 2 Data: [00 9B]
ID: 0x101 DLC: 2 Data: [03 D7]
ID: 0x102 DLC: 2 Data: [00 B0]
ID: 0x101 DLC: 2 Data: [04 87]
ID: 0x102 DLC: 2 Data: [00 D0]
ID: 0x101 DLC: 2 Data: [05 49]
ID: 0x102 DLC: 2 Data: [00 F3]
ID: 0x103 DLC: 1 Data: [63]
ID: 0x104 DLC: 2 Data: [02 7F]
ID: 0x105 DLC: 1 Data: [34]
ID: 0x101 DLC: 2 Data: [05 89]
ID: 0x102 DLC: 2 Data: [00 FF]
ID: 0x101 DLC: 2 Data: [06 22]
ID: 0x102 DLC: 2 Data: [01 1A]
ID: 0x101 DLC: 2 Data: [06 E3]
ID: 0x102 DLC: 2 Data: [01 3D]
ID: 0x101 DLC: 2 Data: [07 A9]
ID: 0x102 DLC: 2 Data: [01 60]
ID: 0x101 DLC: 2 Data: [08 62]
ID: 0x102 DLC: 2 Data: [01 82]
ID: 0x104 DLC: 2 Data: [02 7F]
ID: 0x101 DLC: 2 Data: [09 11]
ID: 0x102 DLC: 2 Data: [01 A1]
