ID: 0x101 DLC: 2 Data: [00 0A]
ID: 0x102 DLC: 2 Data: [00 02]
ID: 0x103 DLC: 1 Data: [63]
ID: 0x104 DLC: 2 Data: [02 80]
ID: 0x105 DLC: 1 Data: [19]
ID: 0x101 DLC: 2 Data: [00 1E]
ID: 0x102 DLC: 2 Data: [00 05]
ID: 0x101 DLC: 2 Data: [00 2C]
ID: 0x102 DLC: 2 Data: [00 08]
ID: 0x101 DLC: 2 Data: [00 3F]
ID: 0x102 DLC: 2 Data: [00 0B]
ID: 0x101 DLC: 2 Data: [00 50]
ID: 0x102 DLC: 2 Data: [00 0E]
ID: 0x101 DLC: 2 Data: [00 60]
ID: 0x102 DLC: 2 Data: [00 11]
ID: 0x104 DLC: 2 Data: [02 80]
ID: 0x101 DLC: 2 Data: [00 72]
ID: 0x102 DLC: 2 Data: [00 15]
ID: 0x101 DLC: 2 Data: [00 7D]
ID: 0x102 DLC: 2 Data: [00 16]
ID: 0x101 DLC: 2 Data: [00 91]
ID: 0x102 DLC: 2 Data: [00 1A]
ID: 0x101 DLC: 2 Data: [00 9B]
ID: 0x102 DLC: 2 Data: [00 1C]
ID: 0x101 DLC: 2 Data: [00 AD]
ID: 0x102 DLC: 2 Data: [00 1F]
ID: 0x103 DLC: 1 Data: [63]
ID: 0x104 DLC: 2 Data: [02 80]
ID: 0x105 DLC: 1 Data: [1C]
ID: 0x101 DLC: 2 Data: [00 BE]
ID: 0x102 DLC: 2 Data: [00 22]
ID: 0x101 DLC: 2 Data: [00 CD]
ID: 0x102 DLC: 2 Data: [00 25]
ID: 0x101 DLC: 2 Data: [00 DF]
ID: 0x102 DLC: 2 Data: [00 28]
ID: 0x101 DLC: 2 Data: [00 EA]
ID: 0x102 DLC: 2 Data: [00 2A]
ID: 0x101 DLC: 2 Data: [00 FA]
ID: 0x102 DLC: 2 Data: [00 2D]
ID: 0x104 DLC: 2 Data: [02 80]
ID: 0x101 DLC: 2 Data: [01 05]
ID: 0x102 DLC: 2 Data: [00 2F]
ID: 0x101 DLC: 2 Data: [01 14]
ID: 0x102 DLC: 2 Data: [00 32]
ID: 0x101 DLC: 2 Data: [01 20]
ID: 0x102 DLC: 2 Data: [00 34]
ID: 0x101 DLC: 2 Data: [01 2C]
ID: 0x102 DLC: 2 Data: [00 36]
ID: 0x101 DLC: 2 Data: [01 3C]
ID: 0x102 DLC: 2 Data: [00 39]
ID: 0x103 DLC: 1 Data: [63]
ID: 0x104 DLC: 2 Data: [02 80]
ID: 0x105 DLC: 1 Data: [1F]
ID: 0x101 DLC: 2 Data: [01 47]
ID: 0x102 DLC: 2 Data: [00 3B]
ID: 0x101 DLC: 2 Data: [01 58]
ID: 0x102 DLC: 2 Data: [00 3E]
ID: 0x101 DLC: 2 Data: [01 6A]
ID: 0x102 DLC: 2 Data: [00 41]
ID: 0x101 DLC: 2 Data: [01 79]
ID: 0x102 DLC: 2 Data: [00 44]
ID: 0x101 DLC: 2 Data: [01 8A]
ID: 0x102 DLC: 2 Data: [00 47]
ID: 0x104 DLC: 2 Data: [02 80]
ID: 0x101 DLC: 2 Data: [01 9D]
ID: 0x102 DLC: 2 Data: [00 4A]
ID: 0x101 DLC: 2 Data: [01 AD]
ID: 0x102 DLC: 2 Data: [00 4D]
ID: 0x101 DLC: 2 Data: [01 C1]
ID: 0x102 DLC: 2 Data: [00 51]
ID: 0x101 DLC: 2 Data: [01 CC]
ID: 0x102 DLC: 2 Data: [00 53]
ID: 0x101 DLC: 2 Data: [01 DE]
ID: 0x102 DLC: 2 Data: [00 56]
ID: 0x103 DLC: 1 Data: [63]
ID: 0x104 DLC: 2 Data: [02 80]
ID: 0x105 DLC: 1 Data: [22]
ID: 0x101 DLC: 2 Data: [01 F2]
ID: 0x102 DLC: 2 Data: [00 5A]
ID: 0x101 DLC: 2 Data: [02 04]
ID: 0x102 DLC: 2 Data: [00 5D]
ID: 0x101 DLC: 2 Data: [02 18]
ID: 0x102 DLC: 2 Data: [00 60]
ID: 0x101 DLC: 2 Data: [02 22]
ID: 0x102 DLC: 2 Data: [00 62]
ID: 0x101 DLC: 2 Data: [02 31]
ID: 0x102 DLC: 2 Data: [00 65]
ID: 0x104 DLC: 2 Data: [02 80]
ID: 0x101 DLC: 2 Data: [02 3F]
ID: 0x102 DLC: 2 Data: [00 68]
ID: 0x101 DLC: 2 Data: [02 49]
ID: 0x102 DLC: 2 Data: [00 69]
ID: 0x101 DLC: 2 Data: [02 54]
ID: 0x102 DLC: 2 Data: [00 6B]
ID: 0x101 DLC: 2 Data: [02 5F]
ID: 0x102 DLC: 2 Data: [00 6D]
ID: 0x101 DLC: 2 Data: [02 6A]
ID: 0x102 DLC: 2 Data: [00 6F]
ID: 0x103 DLC: 1 Data: [63]
ID: 0x104 DLC: 2 Data: [02 80]
ID: 0x105 DLC: 1 Data: [25]
ID: 0x101 DLC: 2 Data: [02 7A]
ID: 0x102 DLC: 2 Data: [00 72]
ID: 0x101 DLC: 2 Data: [02 88]
ID: 0x102 DLC: 2 Data: [00 75]
ID: 0x101 DLC: 2 Data: [02 97]
ID: 0x102 DLC: 2 Data: [00 77]
ID: 0x101 DLC: 2 Data: [02 AB]
ID: 0x102 DLC: 2 Data: [00 7B]
ID: 0x101 DLC: 2 Data: [02 B5]
ID: 0x102 DLC: 2 Data: [00 7D]
ID: 0x104 DLC: 2 Data: [02 80]
ID: 0x101 DLC: 2 Data: [02 C5]
ID: 0x102 DLC: 2 Data: [00 80]
ID: 0x101 DLC: 2 Data: [02 D7]
ID: 0x102 DLC: 2 Data: [00 83]
ID: 0x101 DLC: 2 Data: [02 EA]
ID: 0x102 DLC: 2 Data: [00 86]
ID: 0x101 DLC: 2 Data: [02 F8]
ID: 0x102 DLC: 2 Data: [00 89]
ID: 0x101 DLC: 2 Data: [03 05]
ID: 0x102 DLC: 2 Data: [00 8B]
ID: 0x103 DLC: 1 Data: [63]
ID: 0x104 DLC: 2 Data: [02 80]
ID: 0x105 DLC: 1 Data: [28]
ID: 0x101 DLC: 2 Data: [03 15]
ID: 0x102 DLC: 2 Data: [00 8E]
ID: 0x101 DLC: 2 Data: [03 23]
ID: 0x102 DLC: 2 Data: [00 91]
ID: 0x101 DLC: 2 Data: [03 32]
ID: 0x102 DLC: 2 Data: [00 93]
ID: 0x101 DLC: 2 Data: [03 43]
ID: 0x102 DLC: 2 Data: [00 96]
ID: 0x101 DLC: 2 Data: [03 4E]
ID: 0x102 DLC: 2 Data: [00 98]
ID: 0x104 DLC: 2 Data: [02 80]
ID: 0x101 DLC: 2 Data: [03 60]
ID: 0x102 DLC: 2 Data: [00 9C]
ID: 0x101 DLC: 2 Data: [03 6B]
ID: 0x102 DLC: 2 Data: [00 9D]
ID: 0x101 DLC: 2 Data: [03 7B]
ID: 0x102 DLC: 2 Data: [00 A0]
ID: 0x101 DLC: 2 Data: [03 8C]
ID: 0x102 DLC: 2 Data: [00 A3]
ID: 0x101 DLC: 2 Data: [03 9A]
ID: 0x102 DLC: 2 Data: [00 A6]
ID: 0x103 DLC: 1 Data: [63]
ID: 0x104 DLC: 2 Data: [02 80]
ID: 0x105 DLC: 1 Data: [2B]
ID: 0x101 DLC: 2 Data: [03 AB]
ID: 0x102 DLC: 2 Data: [00 A9]
ID: 0x101 DLC: 2 Data: [03 B6]
ID: 0x102 DLC: 2 Data: [00 AB]
ID: 0x101 DLC: 2 Data: [03 CA]
ID: 0x102 DLC: 2 Data: [00 AF]
ID: 0x101 DLC: 2 Data: [03 DC]
ID: 0x102 DLC: 2 Data: [00 B2]
ID: 0x101 DLC: 2 Data: [03 EB]
ID: 0x102 DLC: 2 Data: [00 B5]
ID: 0x104 DLC: 2 Data: [02 80]
ID: 0x101 DLC: 2 Data: [03 FC]
ID: 0x102 DLC: 2 Data: [00 B8]
ID: 0x101 DLC: 2 Data: [04 09]
ID: 0x102 DLC: 2 Data: [00 BA]
ID: 0x101 DLC: 2 Data: [04 16]
ID: 0x102 DLC: 2 Data: [00 BC]
ID: 0x101 DLC: 2 Data: [04 22]
ID: 0x102 DLC: 2 Data: [00 BE]
ID: 0x101 DLC: 2 Data: [04 33]
ID: 0x102 DLC: 2 Data: [00 C1]
ID: 0x103 DLC: 1 Data: [63]
ID: 0x104 DLC: 2 Data: [02 7F]
ID: 0x105 DLC: 1 Data: [2E]
ID: 0x101 DLC: 2 Data: [04 47]
ID: 0x102 DLC: 2 Data: [00 C5]
ID: 0x101 DLC: 2 Data: [04 52]
ID: 0x102 DLC: 2 Data: [00 C7]
ID: 0x101 DLC: 2 Data: [04 66]
ID: 0x102 DLC: 2 Data: [00 CB]
ID: 0x101 DLC: 2 Data: [04 71]
ID: 0x102 DLC: 2 Data: [00 CD]
ID: 0x101 DLC: 2 Data: [04 82]
ID: 0x102 DLC: 2 Data: [00 D0]
ID: 0x104 DLC: 2 Data: [02 7F]
ID: 0x101 DLC: 2 Data: [04 91]
ID: 0x102 DLC: 2 Data: [00 D2]
ID: 0x101 DLC: 2 Data: [04 A5]
ID: 0x102 DLC: 2 Data: [00 D6]
ID: 0x101 DLC: 2 Data: [04 B4]
ID: 0x102 DLC: 2 Data: [00 D9]
ID: 0x101 DLC: 2 Data: [04 C3]
ID: 0x102 DLC: 2 Data: [00 DB]
ID: 0x101 DLC: 2 Data: [04 D2]
ID: 0x102 DLC: 2 Data: [00 DE]
ID: 0x103 DLC: 1 Data: [63]
ID: 0x104 DLC: 2 Data: [02 7F]
ID: 0x105 DLC: 1 Data: [31]
ID: 0x101 DLC: 2 Data: [04 E4]
ID: 0x102 DLC: 2 Data: [00 E1]
ID: 0x101 DLC: 2 Data: [04 F0]
ID: 0x102 DLC: 2 Data: [00 E4]
ID: 0x101 DLC: 2 Data: [04 FA]
ID: 0x102 DLC: 2 Data: [00 E5]
ID: 0x101 DLC: 2 Data: [05 04]
ID: 0x102 DLC: 2 Data: [00 E7]
ID: 0x101 DLC: 2 Data: [05 14]
ID: 0x102 DLC: 2 Data: [00 EA]
ID: 0x104 DLC: 2 Data: [02 7F]
ID: 0x101 DLC: 2 Data: [05 1F]
ID: 0x102 DLC: 2 Data: [00 EC]
ID: 0x101 DLC: 2 Data: [05 30]
ID: 0x102 DLC: 2 Data: [00 EF]
ID: 0x101 DLC: 2 Data: [05 44]
ID: 0x102 DLC: 2 Data: [00 F3]
ID: 0x101 DLC: 2 Data: [05 50]
ID: 0x102 DLC: 2 Data: [00 F5]
ID: 0x101 DLC: 2 Data: [05 62]
ID: 0x102 DLC: 2 Data: [00 F8]
ID: 0x103 DLC: 1 Data: [63]
ID: 0x104 DLC: 2 Data: [02 7F]
ID: 0x105 DLC: 1 Data: [34]
ID: 0x101 DLC: 2 Data: [05 6D]
ID: 0x102 DLC: 2 Data: [00 FA]
ID: 0x101 DLC: 2 Data: [05 7E]
ID: 0x102 DLC: 2 Data: [00 FD]
ID: 0x101 DLC: 2 Data: [05 8B]
ID: 0x102 DLC: 2 Data: [00 FF]
ID: 0x101 DLC: 2 Data: [05 98]
ID: 0x102 DLC: 2 Data: [01 02]
ID: 0x101 DLC: 2 Data: [05 A6]
ID: 0x102 DLC: 2 Data: [01 04]
ID: 0x104 DLC: 2 Data: [02 7F]
ID: 0x101 DLC: 2 Data: [05 B4]
ID: 0x102 DLC: 2 Data: [01 07]
ID: 0x101 DLC: 2 Data: [05 C3]
ID: 0x102 DLC: 2 Data: [01 0A]
ID: 0x101 DLC: 2 Data: [05 D3]
ID: 0x102 DLC: 2 Data: [01 0C]
ID: 0x101 DLC: 2 Data: [05 E0]
ID: 0x102 DLC: 2 Data: [01 0F]
ID: 0x101 DLC: 2 Data: [05 EA]
ID: 0x102 DLC: 2 Data: [01 11]
ID: 0x103 DLC: 1 Data: [63]
ID: 0x104 DLC: 2 Data: [02 7F]
ID: 0x105 DLC: 1 Data: [37]
ID: 0x101 DLC: 2 Data: [05 F5]
ID: 0x102 DLC: 2 Data: [01 12]
ID: 0x101 DLC: 2 Data: [06 04]
ID: 0x102 DLC: 2 Data: [01 15]
ID: 0x101 DLC: 2 Data: [06 16]
ID: 0x102 DLC: 2 Data: [01 18]
ID: 0x101 DLC: 2 Data: [06 27]
ID: 0x102 DLC: 2 Data: [01 1C]
ID: 0x101 DLC: 2 Data: [06 33]
ID: 0x102 DLC: 2 Data: [01 1E]
ID: 0x104 DLC: 2 Data: [02 7F]
ID: 0x101 DLC: 2 Data: [06 42]
ID: 0x102 DLC: 2 Data: [01 20]
ID: 0x101 DLC: 2 Data: [06 54]
ID: 0x102 DLC: 2 Data: [01 24]
ID: 0x101 DLC: 2 Data: [06 68]
ID: 0x102 DLC: 2 Data: [01 27]
ID: 0x101 DLC: 2 Data: [06 78]
ID: 0x102 DLC: 2 Data: [01 2A]
ID: 0x101 DLC: 2 Data: [06 8A]
ID: 0x102 DLC: 2 Data: [01 2D]
ID: 0x103 DLC: 1 Data: [63]
ID: 0x104 DLC: 2 Data: [02 7F]
ID: 0x105 DLC: 1 Data: [3A]
ID: 0x101 DLC: 2 Data: [06 9E]
ID: 0x102 DLC: 2 Data: [01 31]
ID: 0x101 DLC: 2 Data: [06 AB]
ID: 0x102 DLC: 2 Data: [01 33]
ID: 0x101 DLC: 2 Data: [06 BE]
ID: 0x102 DLC: 2 Data: [01 37]
ID: 0x101 DLC: 2 Data: [06 CB]
ID: 0x102 DLC: 2 Data: [01 39]
ID: 0x101 DLC: 2 Data: [06 DE]
ID: 0x102 DLC: 2 Data: [01 3C]
ID: 0x104 DLC: 2 Data: [02 7F]
ID: 0x101 DLC: 2 Data: [06 F0]
ID: 0x102 DLC: 2 Data: [01 40]
ID: 0x101 DLC: 2 Data: [06 FE]
ID: 0x102 DLC: 2 Data: [01 42]
ID: 0x101 DLC: 2 Data: [07 0E]
ID: 0x102 DLC: 2 Data: [01 45]
ID: 0x101 DLC: 2 Data: [07 20]
ID: 0x102 DLC: 2 Data: [01 48]
ID: 0x101 DLC: 2 Data: [07 2D]
ID: 0x102 DLC: 2 Data: [01 4B]
ID: 0x103 DLC: 1 Data: [62]
ID: 0x104 DLC: 2 Data: [02 7E]
ID: 0x105 DLC: 1 Data: [3D]
ID: 0x101 DLC: 2 Data: [07 3F]
ID: 0x102 DLC: 2 Data: [01 4E]
ID: 0x101 DLC: 2 Data: [07 50]
ID: 0x102 DLC: 2 Data: [01 51]
ID: 0x101 DLC: 2 Data: [07 62]
ID: 0x102 DLC: 2 Data: [01 54]
ID: 0x101 DLC: 2 Data: [07 76]
ID: 0x102 DLC: 2 Data: [01 58]
ID: 0x101 DLC: 2 Data: [07 87]
ID: 0x102 DLC: 2 Data: [01 5B]
ID: 0x104 DLC: 2 Data: [02 7E]
ID: 0x101 DLC: 2 Data: [07 93]
ID: 0x102 DLC: 2 Data: [01 5D]
ID: 0x101 DLC: 2 Data: [07 A0]
ID: 0x102 DLC: 2 Data: [01 5F]
ID: 0x101 DLC: 2 Data: [07 AB]
ID: 0x102 DLC: 2 Data: [01 61]
ID: 0x101 DLC: 2 Data: [07 BD]
ID: 0x102 DLC: 2 Data: [01 65]
ID: 0x101 DLC: 2 Data: [07 C8]
ID: 0x102 DLC: 2 Data: [01 67]
ID: 0x103 DLC: 1 Data: [62]
ID: 0x104 DLC: 2 Data: [02 7E]
ID: 0x105 DLC: 1 Data: [40]
ID: 0x101 DLC: 2 Data: [07 D9]
ID: 0x102 DLC: 2 Data: [01 6A]
ID: 0x101 DLC: 2 Data: [07 EB]
ID: 0x102 DLC: 2 Data: [01 6D]
ID: 0x101 DLC: 2 Data: [07 FA]
ID: 0x102 DLC: 2 Data: [01 70]
ID: 0x101 DLC: 2 Data: [08 0C]
ID: 0x102 DLC: 2 Data: [01 73]
ID: 0x101 DLC: 2 Data: [08 16]
ID: 0x102 DLC: 2 Data: [01 75]
ID: 0x104 DLC: 2 Data: [02 7E]
ID: 0x101 DLC: 2 Data: [08 27]
ID: 0x102 DLC: 2 Data: [01 78]
ID: 0x101 DLC: 2 Data: [08 32]
ID: 0x102 DLC: 2 Data: [01 7A]
ID: 0x101 DLC: 2 Data: [08 40]
ID: 0x102 DLC: 2 Data: [01 7C]
ID: 0x101 DLC: 2 Data: [08 4E]
ID: 0x102 DLC: 2 Data: [01 7F]
ID: 0x101 DLC: 2 Data: [08 5F]
ID: 0x102 DLC: 2 Data: [01 82]
ID: 0x103 DLC: 1 Data: [62]
ID: 0x104 DLC: 2 Data: [02 7E]
ID: 0x105 DLC: 1 Data: [43]
ID: 0x101 DLC: 2 Data: [08 73]
ID: 0x102 DLC: 2 Data: [01 85]
ID: 0x101 DLC: 2 Data: [08 84]
ID: 0x102 DLC: 2 Data: [01 88]
ID: 0x101 DLC: 2 Data: [08 97]
ID: 0x102 DLC: 2 Data: [01 8C]
ID: 0x101 DLC: 2 Data: [08 A5]
ID: 0x102 DLC: 2 Data: [01 8E]
ID: 0x101 DLC: 2 Data: [08 B1]
ID: 0x102 DLC: 2 Data: [01 90]
ID: 0x104 DLC: 2 Data: [02 7E]
ID: 0x101 DLC: 2 Data: [08 BD]
ID: 0x102 DLC: 2 Data: [01 93]
ID: 0x101 DLC: 2 Data: [08 CD]
ID: 0x102 DLC: 2 Data: [01 96]
ID: 0x101 DLC: 2 Data: [08 E0]
ID: 0x102 DLC: 2 Data: [01 99]
ID: 0x101 DLC: 2 Data: [08 F4]
ID: 0x102 DLC: 2 Data: [01 9D]
ID: 0x101 DLC: 2 Data: [08 FE]
ID: 0x102 DLC: 2 Data: [01 9E]
ID: 0x103 DLC: 1 Data: [62]
ID: 0x104 DLC: 2 Data: [02 7D]
ID: 0x105 DLC: 1 Data: [47]
ID: 0x101 DLC: 2 Data: [09 0E]
ID: 0x102 DLC: 2 Data: [01 A1]
ID: 0x101 DLC: 2 Data: [09 21]
ID: 0x102 DLC: 2 Data: [01 A5]
ID: 0x101 DLC: 2 Data: [09 2D]
ID: 0x102 DLC: 2 Data: [01 A7]
ID: 0x101 DLC: 2 Data: [09 38]
ID: 0x102 DLC: 2 Data: [01 A9]
ID: 0x101 DLC: 2 Data: [09 45]
ID: 0x102 DLC: 2 Data: [01 AB]
ID: 0x104 DLC: 2 Data: [02 7D]
ID: 0x101 DLC: 2 Data: [09 4F]
ID: 0x102 DLC: 2 Data: [01 AD]
ID: 0x101 DLC: 2 Data: [09 62]
ID: 0x102 DLC: 2 Data: [01 B0]
ID: 0x101 DLC: 2 Data: [09 72]
ID: 0x102 DLC: 2 Data: [01 B3]
ID: 0x101 DLC: 2 Data: [09 80]
ID: 0x102 DLC: 2 Data: [01 B6]
ID: 0x101 DLC: 2 Data: [09 90]
ID: 0x102 DLC: 2 Data: [01 B9]
ID: 0x103 DLC: 1 Data: [62]
ID: 0x104 DLC: 2 Data: [02 7D]
ID: 0x105 DLC: 1 Data: [49]
ID: 0x101 DLC: 2 Data: [09 A3]
ID: 0x102 DLC: 2 Data: [01 BC]
ID: 0x101 DLC: 2 Data: [09 B2]
ID: 0x102 DLC: 2 Data: [01 BF]
ID: 0x101 DLC: 2 Data: [09 C1]
ID: 0x102 DLC: 2 Data: [01 C1]
ID: 0x101 DLC: 2 Data: [09 CD]
ID: 0x102 DLC: 2 Data: [01 C4]
ID: 0x101 DLC: 2 Data: [09 DC]
ID: 0x102 DLC: 2 Data: [01 C6]
ID: 0x104 DLC: 2 Data: [02 7D]
ID: 0x101 DLC: 2 Data: [09 EB]
ID: 0x102 DLC: 2 Data: [01 C9]
ID: 0x101 DLC: 2 Data: [09 FC]
ID: 0x102 DLC: 2 Data: [01 CC]
ID: 0x101 DLC: 2 Data: [0A 0B]
ID: 0x102 DLC: 2 Data: [01 CF]
ID: 0x101 DLC: 2 Data: [0A 1B]
ID: 0x102 DLC: 2 Data: [01 D2]
ID: 0x101 DLC: 2 Data: [0A 2D]
ID: 0x102 DLC: 2 Data: [01 D5]
ID: 0x103 DLC: 1 Data: [61]
ID: 0x104 DLC: 2 Data: [02 7D]
ID: 0x105 DLC: 1 Data: [4D]
ID: 0x101 DLC: 2 Data: [0A 39]
ID: 0x102 DLC: 2 Data: [01 D7]
ID: 0x101 DLC: 2 Data: [0A 44]
ID: 0x102 DLC: 2 Data: [01 D9]
ID: 0x101 DLC: 2 Data: [0A 50]
ID: 0x102 DLC: 2 Data: [01 DB]
ID: 0x101 DLC: 2 Data: [0A 5C]
ID: 0x102 DLC: 2 Data: [01 DD]
ID: 0x101 DLC: 2 Data: [0A 6E]
ID: 0x102 DLC: 2 Data: [01 E1]
ID: 0x104 DLC: 2 Data: [02 7D]
ID: 0x101 DLC: 2 Data: [0A 7D]
ID: 0x102 DLC: 2 Data: [01 E3]
ID: 0x101 DLC: 2 Data: [0A 91]
ID: 0x102 DLC: 2 Data: [01 E7]
ID: 0x101 DLC: 2 Data: [0A A2]
ID: 0x102 DLC: 2 Data: [01 EA]
ID: 0x101 DLC: 2 Data: [0A B0]
ID: 0x102 DLC: 2 Data: [01 EC]
ID: 0x101 DLC: 2 Data: [0A BD]
ID: 0x102 DLC: 2 Data: [01 EF]
ID: 0x103 DLC: 1 Data: [61]
ID: 0x104 DLC: 2 Data: [02 7C]
ID: 0x105 DLC: 1 Data: [4F]
ID: 0x101 DLC: 2 Data: [0A CE]
ID: 0x102 DLC: 2 Data: [01 F2]
ID: 0x101 DLC: 2 Data: [0A DA]
ID: 0x102 DLC: 2 Data: [01 F4]
ID: 0x101 DLC: 2 Data: [0A EE]
ID: 0x102 DLC: 2 Data: [01 F8]
ID: 0x101 DLC: 2 Data: [0A FB]
ID: 0x102 DLC: 2 Data: [01 FA]
ID: 0x101 DLC: 2 Data: [0B 08]
ID: 0x102 DLC: 2 Data: [01 FC]
ID: 0x104 DLC: 2 Data: [02 7C]
ID: 0x101 DLC: 2 Data: [0B 17]
ID: 0x102 DLC: 2 Data: [01 FF]
ID: 0x101 DLC: 2 Data: [0B 25]
ID: 0x102 DLC: 2 Data: [02 02]
ID: 0x101 DLC: 2 Data: [0B 39]
ID: 0x102 DLC: 2 Data: [02 05]
ID: 0x101 DLC: 2 Data: [0B 43]
ID: 0x102 DLC: 2 Data: [02 07]
ID: 0x101 DLC: 2 Data: [0B 55]
ID: 0x102 DLC: 2 Data: [02 0A]
ID: 0x103 DLC: 1 Data: [61]
ID: 0x104 DLC: 2 Data: [02 7C]
ID: 0x105 DLC: 1 Data: [53]
ID: 0x101 DLC: 2 Data: [0B 63]
ID: 0x102 DLC: 2 Data: [02 0D]
ID: 0x101 DLC: 2 Data: [0B 6F]
ID: 0x102 DLC: 2 Data: [02 0F]
ID: 0x101 DLC: 2 Data: [0B 7A]
ID: 0x102 DLC: 2 Data: [02 11]
ID: 0x101 DLC: 2 Data: [0B 88]
ID: 0x102 DLC: 2 Data: [02 13]
ID: 0x101 DLC: 2 Data: [0B 9B]
ID: 0x102 DLC: 2 Data: [02 17]
ID: 0x104 DLC: 2 Data: [02 7C]
ID: 0x101 DLC: 2 Data: [0B A7]
ID: 0x102 DLC: 2 Data: [02 19]
ID: 0x101 DLC: 2 Data: [0B BA]
ID: 0x102 DLC: 2 Data: [02 1C]
ID: 0x101 DLC: 2 Data: [0B C6]
ID: 0x102 DLC: 2 Data: [02 1F]
ID: 0x101 DLC: 2 Data: [0B D3]
ID: 0x102 DLC: 2 Data: [02 21]
ID: 0x101 DLC: 2 Data: [0B E0]
ID: 0x102 DLC: 2 Data: [02 23]
ID: 0x103 DLC: 1 Data: [61]
ID: 0x104 DLC: 2 Data: [02 7C]
ID: 0x105 DLC: 1 Data: [55]
ID: 0x101 DLC: 2 Data: [0B F4]
ID: 0x102 DLC: 2 Data: [02 27]
ID: 0x101 DLC: 2 Data: [0C 01]
ID: 0x102 DLC: 2 Data: [02 29]
ID: 0x101 DLC: 2 Data: [0C 14]
ID: 0x102 DLC: 2 Data: [02 2D]
ID: 0x101 DLC: 2 Data: [0C 27]
ID: 0x102 DLC: 2 Data: [02 30]
ID: 0x101 DLC: 2 Data: [0C 36]
ID: 0x102 DLC: 2 Data: [02 33]
ID: 0x104 DLC: 2 Data: [02 7B]
ID: 0x101 DLC: 2 Data: [0C 45]
ID: 0x102 DLC: 2 Data: [02 35]
ID: 0x101 DLC: 2 Data: [0C 58]
ID: 0x102 DLC: 2 Data: [02 39]
ID: 0x101 DLC: 2 Data: [0C 6B]
ID: 0x102 DLC: 2 Data: [02 3C]
ID: 0x101 DLC: 2 Data: [0C 7A]
ID: 0x102 DLC: 2 Data: [02 3F]
ID: 0x101 DLC: 2 Data: [0C 8B]
ID: 0x102 DLC: 2 Data: [02 42]
ID: 0x103 DLC: 1 Data: [60]
ID: 0x104 DLC: 2 Data: [02 7B]
ID: 0x105 DLC: 1 Data: [59]
ID: 0x101 DLC: 2 Data: [0C 9C]
ID: 0x102 DLC: 2 Data: [02 45]
ID: 0x101 DLC: 2 Data: [0C AE]
ID: 0x102 DLC: 2 Data: [02 48]
ID: 0x101 DLC: 2 Data: [0C BF]
ID: 0x102 DLC: 2 Data: [02 4B]
ID: 0x101 DLC: 2 Data: [0C D2]
ID: 0x102 DLC: 2 Data: [02 4F]
ID: 0x101 DLC: 2 Data: [0C E6]
ID: 0x102 DLC: 2 Data: [02 52]
ID: 0x104 DLC: 2 Data: [02 7B]
ID: 0x101 DLC: 2 Data: [0C F0]
ID: 0x102 DLC: 2 Data: [02 54]
ID: 0x101 DLC: 2 Data: [0D 01]
ID: 0x102 DLC: 2 Data: [02 57]
ID: 0x101 DLC: 2 Data: [0D 0D]
ID: 0x102 DLC: 2 Data: [02 59]
ID: 0x101 DLC: 2 Data: [0D 1C]
ID: 0x102 DLC: 2 Data: [02 5C]
ID: 0x101 DLC: 2 Data: [0D 2E]
ID: 0x102 DLC: 2 Data: [02 5F]
ID: 0x103 DLC: 1 Data: [60]
ID: 0x104 DLC: 2 Data: [02 7B]
ID: 0x105 DLC: 1 Data: [5C]
ID: 0x101 DLC: 2 Data: [0D 3C]
ID: 0x102 DLC: 2 Data: [02 62]
ID: 0x101 DLC: 2 Data: [0D 48]
ID: 0x102 DLC: 2 Data: [02 64]
ID: 0x101 DLC: 2 Data: [0D 52]
ID: 0x102 DLC: 2 Data: [02 66]
ID: 0x101 DLC: 2 Data: [0D 5D]
ID: 0x102 DLC: 2 Data: [02 68]
ID: 0x101 DLC: 2 Data: [0D 69]
ID: 0x102 DLC: 2 Data: [02 6A]
ID: 0x104 DLC: 2 Data: [02 7A]
ID: 0x101 DLC: 2 Data: [0D 7A]
ID: 0x102 DLC: 2 Data: [02 6D]
ID: 0x101 DLC: 2 Data: [0D 8A]
ID: 0x102 DLC: 2 Data: [02 70]
ID: 0x101 DLC: 2 Data: [0D 9A]
ID: 0x102 DLC: 2 Data: [02 73]
ID: 0x101 DLC: 2 Data: [0D A8]
ID: 0x102 DLC: 2 Data: [02 75]
ID: 0x101 DLC: 2 Data: [0D BC]
ID: 0x102 DLC: 2 Data: [02 79]
ID: 0x103 DLC: 1 Data: [60]
ID: 0x104 DLC: 2 Data: [02 7A]
ID: 0x105 DLC: 1 Data: [5F]
ID: 0x101 DLC: 2 Data: [0D CD]
ID: 0x102 DLC: 2 Data: [02 7C]
ID: 0x101 DLC: 2 Data: [0D E0]
ID: 0x102 DLC: 2 Data: [02 7F]
ID: 0x101 DLC: 2 Data: [0D EC]
ID: 0x102 DLC: 2 Data: [02 82]
ID: 0x101 DLC: 2 Data: [0D FD]
ID: 0x102 DLC: 2 Data: [02 85]
ID: 0x101 DLC: 2 Data: [0E 10]
ID: 0x102 DLC: 2 Data: [02 88]
ID: 0x104 DLC: 2 Data: [02 7A]
ID: 0x101 DLC: 2 Data: [0E 24]
ID: 0x102 DLC: 2 Data: [02 8C]
ID: 0x101 DLC: 2 Data: [0E 35]
ID: 0x102 DLC: 2 Data: [02 8F]
ID: 0x101 DLC: 2 Data: [0E 40]
ID: 0x102 DLC: 2 Data: [02 91]
ID: 0x101 DLC: 2 Data: [0E 4D]
ID: 0x102 DLC: 2 Data: [02 93]
ID: 0x101 DLC: 2 Data: [0E 60]
ID: 0x102 DLC: 2 Data: [02 96]
ID: 0x103 DLC: 1 Data: [5F]
ID: 0x104 DLC: 2 Data: [02 7A]
ID: 0x105 DLC: 1 Data: [62]
ID: 0x101 DLC: 2 Data: [0E 70]
ID: 0x102 DLC: 2 Data: [02 99]
ID: 0x101 DLC: 2 Data: [0E 84]
ID: 0x102 DLC: 2 Data: [02 9D]
ID: 0x101 DLC: 2 Data: [0E 92]
ID: 0x102 DLC: 2 Data: [02 9F]
ID: 0x101 DLC: 2 Data: [0E A0]
ID: 0x102 DLC: 2 Data: [02 A2]
ID: 0x101 DLC: 2 Data: [0E B0]
ID: 0x102 DLC: 2 Data: [02 A5]
ID: 0x104 DLC: 2 Data: [02 79]
ID: 0x101 DLC: 2 Data: [0E C4]
ID: 0x102 DLC: 2 Data: [02 A8]
ID: 0x101 DLC: 2 Data: [0E D1]
ID: 0x102 DLC: 2 Data: [02 AB]
ID: 0x101 DLC: 2 Data: [0E E0]
ID: 0x102 DLC: 2 Data: [02 AD]
ID: 0x101 DLC: 2 Data: [0E F3]
ID: 0x102 DLC: 2 Data: [02 B1]
ID: 0x101 DLC: 2 Data: [0F 00]
ID: 0x102 DLC: 2 Data: [02 B3]
ID: 0x103 DLC: 1 Data: [5F]
ID: 0x104 DLC: 2 Data: [02 79]
ID: 0x105 DLC: 1 Data: [65]
ID: 0x101 DLC: 2 Data: [0F 0F]
ID: 0x102 DLC: 2 Data: [02 B6]
ID: 0x101 DLC: 2 Data: [0F 1B]
ID: 0x102 DLC: 2 Data: [02 B8]
ID: 0x101 DLC: 2 Data: [0F 29]
ID: 0x102 DLC: 2 Data: [02 BB]
ID: 0x101 DLC: 2 Data: [0F 3D]
ID: 0x102 DLC: 2 Data: [02 BE]
ID: 0x101 DLC: 2 Data: [0F 4C]
ID: 0x102 DLC: 2 Data: [02 C1]
ID: 0x104 DLC: 2 Data: [02 79]
ID: 0x101 DLC: 2 Data: [0F 5A]
ID: 0x102 DLC: 2 Data: [02 C3]
ID: 0x101 DLC: 2 Data: [0F 6E]
ID: 0x102 DLC: 2 Data: [02 C7]
ID: 0x101 DLC: 2 Data: [0F 78]
ID: 0x102 DLC: 2 Data: [02 C9]
ID: 0x101 DLC: 2 Data: [0F 84]
ID: 0x102 DLC: 2 Data: [02 CB]
ID: 0x101 DLC: 2 Data: [0F 90]
ID: 0x102 DLC: 2 Data: [02 CD]
ID: 0x103 DLC: 1 Data: [5F]
ID: 0x104 DLC: 2 Data: [02 78]
ID: 0x105 DLC: 1 Data: [68]
ID: 0x101 DLC: 2 Data: [0F 9F]
ID: 0x102 DLC: 2 Data: [02 D0]
ID: 0x101 DLC: 2 Data: [0F B0]
ID: 0x102 DLC: 2 Data: [02 D3]
ID: 0x101 DLC: 2 Data: [0F C4]
ID: 0x102 DLC: 2 Data: [02 D6]
ID: 0x101 DLC: 2 Data: [0F D2]
ID: 0x102 DLC: 2 Data: [02 D9]
ID: 0x101 DLC: 2 Data: [0F E6]
ID: 0x102 DLC: 2 Data: [02 DD]
ID: 0x104 DLC: 2 Data: [02 78]
ID: 0x101 DLC: 2 Data: [0F F6]
ID: 0x102 DLC: 2 Data: [02 DF]
ID: 0x101 DLC: 2 Data: [10 07]
ID: 0x102 DLC: 2 Data: [02 E3]
ID: 0x101 DLC: 2 Data: [10 16]
ID: 0x102 DLC: 2 Data: [02 E5]
ID: 0x101 DLC: 2 Data: [10 21]
ID: 0x102 DLC: 2 Data: [02 E7]
ID: 0x101 DLC: 2 Data: [10 32]
ID: 0x102 DLC: 2 Data: [02 EA]
ID: 0x103 DLC: 1 Data: [5E]
ID: 0x104 DLC: 2 Data: [02 78]
ID: 0x105 DLC: 1 Data: [6B]
ID: 0x101 DLC: 2 Data: [10 44]
ID: 0x102 DLC: 2 Data: [02 EE]
ID: 0x101 DLC: 2 Data: [10 57]
ID: 0x102 DLC: 2 Data: [02 F1]
ID: 0x101 DLC: 2 Data: [10 67]
ID: 0x102 DLC: 2 Data: [02 F4]
ID: 0x101 DLC: 2 Data: [10 74]
ID: 0x102 DLC: 2 Data: [02 F6]
ID: 0x101 DLC: 2 Data: [10 80]
ID: 0x102 DLC: 2 Data: [02 F8]
ID: 0x104 DLC: 2 Data: [02 78]
ID: 0x101 DLC: 2 Data: [10 8B]
ID: 0x102 DLC: 2 Data: [02 FA]
ID: 0x101 DLC: 2 Data: [10 95]
ID: 0x102 DLC: 2 Data: [02 FC]
ID: 0x101 DLC: 2 Data: [10 A3]
ID: 0x102 DLC: 2 Data: [02 FF]
ID: 0x101 DLC: 2 Data: [10 B7]
ID: 0x102 DLC: 2 Data: [03 02]
ID: 0x101 DLC: 2 Data: [10 CA]
ID: 0x102 DLC: 2 Data: [03 06]
ID: 0x103 DLC: 1 Data: [5E]
ID: 0x104 DLC: 2 Data: [02 77]
ID: 0x105 DLC: 1 Data: [6E]
ID: 0x101 DLC: 2 Data: [10 DB]
ID: 0x102 DLC: 2 Data: [03 09]
ID: 0x101 DLC: 2 Data: [10 E5]
ID: 0x102 DLC: 2 Data: [03 0A]
ID: 0x101 DLC: 2 Data: [10 F1]
ID: 0x102 DLC: 2 Data: [03 0D]
ID: 0x101 DLC: 2 Data: [10 FC]
ID: 0x102 DLC: 2 Data: [03 0F]
ID: 0x101 DLC: 2 Data: [11 0C]
ID: 0x102 DLC: 2 Data: [03 12]
ID: 0x104 DLC: 2 Data: [02 77]
ID: 0x101 DLC: 2 Data: [11 16]
ID: 0x102 DLC: 2 Data: [03 13]
ID: 0x101 DLC: 2 Data: [11 26]
ID: 0x102 DLC: 2 Data: [03 16]
ID: 0x101 DLC: 2 Data: [11 32]
ID: 0x102 DLC: 2 Data: [03 18]
ID: 0x101 DLC: 2 Data: [11 3D]
ID: 0x102 DLC: 2 Data: [03 1A]
ID: 0x101 DLC: 2 Data: [11 4C]
ID: 0x102 DLC: 2 Data: [03 1D]
ID: 0x103 DLC: 1 Data: [5E]
ID: 0x104 DLC: 2 Data: [02 77]
ID: 0x105 DLC: 1 Data: [71]
ID: 0x101 DLC: 2 Data: [11 5E]
ID: 0x102 DLC: 2 Data: [03 20]
ID: 0x101 DLC: 2 Data: [11 6C]
ID: 0x102 DLC: 2 Data: [03 23]
ID: 0x101 DLC: 2 Data: [11 7A]
ID: 0x102 DLC: 2 Data: [03 25]
ID: 0x101 DLC: 2 Data: [11 84]
ID: 0x102 DLC: 2 Data: [03 27]
ID: 0x101 DLC: 2 Data: [11 92]
ID: 0x102 DLC: 2 Data: [03 2A]
ID: 0x104 DLC: 2 Data: [02 76]
ID: 0x101 DLC: 2 Data: [11 A5]
ID: 0x102 DLC: 2 Data: [03 2D]
ID: 0x101 DLC: 2 Data: [11 B3]
ID: 0x102 DLC: 2 Data: [03 30]
ID: 0x101 DLC: 2 Data: [11 C0]
ID: 0x102 DLC: 2 Data: [03 32]
ID: 0x101 DLC: 2 Data: [11 D3]
ID: 0x102 DLC: 2 Data: [03 35]
ID: 0x101 DLC: 2 Data: [11 E0]
ID: 0x102 DLC: 2 Data: [03 38]
ID: 0x103 DLC: 1 Data: [5D]
ID: 0x104 DLC: 2 Data: [02 76]
ID: 0x105 DLC: 1 Data: [74]
ID: 0x101 DLC: 2 Data: [11 F1]
ID: 0x102 DLC: 2 Data: [03 3B]
ID: 0x101 DLC: 2 Data: [12 03]
ID: 0x102 DLC: 2 Data: [03 3E]
ID: 0x101 DLC: 2 Data: [12 15]
ID: 0x102 DLC: 2 Data: [03 41]
ID: 0x101 DLC: 2 Data: [12 23]
ID: 0x102 DLC: 2 Data: [03 44]
ID: 0x101 DLC: 2 Data: [12 33]
ID: 0x102 DLC: 2 Data: [03 47]
ID: 0x104 DLC: 2 Data: [02 76]
ID: 0x101 DLC: 2 Data: [12 40]
ID: 0x102 DLC: 2 Data: [03 49]
ID: 0x101 DLC: 2 Data: [12 51]
ID: 0x102 DLC: 2 Data: [03 4C]
ID: 0x101 DLC: 2 Data: [12 5B]
ID: 0x102 DLC: 2 Data: [03 4E]
ID: 0x101 DLC: 2 Data: [12 6A]
ID: 0x102 DLC: 2 Data: [03 51]
ID: 0x101 DLC: 2 Data: [12 7E]
ID: 0x102 DLC: 2 Data: [03 54]
ID: 0x103 DLC: 1 Data: [5D]
ID: 0x104 DLC: 2 Data: [02 75]
ID: 0x105 DLC: 1 Data: [77]
ID: 0x101 DLC: 2 Data: [12 90]
ID: 0x102 DLC: 2 Data: [03 57]
ID: 0x101 DLC: 2 Data: [12 A1]
ID: 0x102 DLC: 2 Data: [03 5A]
ID: 0x101 DLC: 2 Data: [12 B5]
ID: 0x102 DLC: 2 Data: [03 5E]
ID: 0x101 DLC: 2 Data: [12 C4]
ID: 0x102 DLC: 2 Data: [03 61]
ID: 0x101 DLC: 2 Data: [12 D7]
ID: 0x102 DLC: 2 Data: [03 64]
ID: 0x104 DLC: 2 Data: [02 75]
ID: 0x101 DLC: 2 Data: [12 E1]
ID: 0x102 DLC: 2 Data: [03 66]
ID: 0x101 DLC: 2 Data: [12 EE]
ID: 0x102 DLC: 2 Data: [03 68]
ID: 0x101 DLC: 2 Data: [12 FA]
ID: 0x102 DLC: 2 Data: [03 6A]
ID: 0x101 DLC: 2 Data: [13 0B]
ID: 0x102 DLC: 2 Data: [03 6E]
ID: 0x101 DLC: 2 Data: [13 18]
ID: 0x102 DLC: 2 Data: [03 70]
ID: 0x103 DLC: 1 Data: [5C]
ID: 0x104 DLC: 2 Data: [02 75]
ID: 0x105 DLC: 1 Data: [7A]
ID: 0x101 DLC: 2 Data: [13 27]
ID: 0x102 DLC: 2 Data: [03 73]
ID: 0x101 DLC: 2 Data: [13 3B]
ID: 0x102 DLC: 2 Data: [03 76]
ID: 0x101 DLC: 2 Data: [13 4C]
ID: 0x102 DLC: 2 Data: [03 79]
ID: 0x101 DLC: 2 Data: [13 57]
ID: 0x102 DLC: 2 Data: [03 7B]
ID: 0x101 DLC: 2 Data: [13 64]
ID: 0x102 DLC: 2 Data: [03 7E]
ID: 0x104 DLC: 2 Data: [02 74]
ID: 0x101 DLC: 2 Data: [13 6E]
ID: 0x102 DLC: 2 Data: [03 7F]
ID: 0x101 DLC: 2 Data: [13 7C]
ID: 0x102 DLC: 2 Data: [03 82]
ID: 0x101 DLC: 2 Data: [13 8D]
ID: 0x102 DLC: 2 Data: [03 85]
ID: 0x101 DLC: 2 Data: [13 A0]
ID: 0x102 DLC: 2 Data: [03 88]
ID: 0x101 DLC: 2 Data: [13 B3]
ID: 0x102 DLC: 2 Data: [03 8C]
ID: 0x103 DLC: 1 Data: [5C]
ID: 0x104 DLC: 2 Data: [02 74]
ID: 0x105 DLC: 1 Data: [7D]
ID: 0x101 DLC: 2 Data: [13 BD]
ID: 0x102 DLC: 2 Data: [03 8E]
ID: 0x101 DLC: 2 Data: [13 CB]
ID: 0x102 DLC: 2 Data: [03 90]
ID: 0x101 DLC: 2 Data: [13 D9]
ID: 0x102 DLC: 2 Data: [03 93]
ID: 0x101 DLC: 2 Data: [13 EA]
ID: 0x102 DLC: 2 Data: [03 96]
ID: 0x101 DLC: 2 Data: [13 F8]
ID: 0x102 DLC: 2 Data: [03 98]
ID: 0x104 DLC: 2 Data: [02 73]
ID: 0x101 DLC: 2 Data: [14 06]
ID: 0x102 DLC: 2 Data: [03 9B]
ID: 0x101 DLC: 2 Data: [14 18]
ID: 0x102 DLC: 2 Data: [03 9E]
ID: 0x101 DLC: 2 Data: [14 23]
ID: 0x102 DLC: 2 Data: [03 A0]
ID: 0x101 DLC: 2 Data: [14 31]
ID: 0x102 DLC: 2 Data: [03 A2]
ID: 0x101 DLC: 2 Data: [14 3B]
ID: 0x102 DLC: 2 Data: [03 A4]
ID: 0x103 DLC: 1 Data: [5B]
ID: 0x104 DLC: 2 Data: [02 73]
ID: 0x105 DLC: 1 Data: [80]
ID: 0x101 DLC: 2 Data: [14 4E]
ID: 0x102 DLC: 2 Data: [03 A8]
ID: 0x101 DLC: 2 Data: [14 5B]
ID: 0x102 DLC: 2 Data: [03 AA]
ID: 0x101 DLC: 2 Data: [14 67]
ID: 0x102 DLC: 2 Data: [03 AC]
ID: 0x101 DLC: 2 Data: [14 74]
ID: 0x102 DLC: 2 Data: [03 AE]
ID: 0x101 DLC: 2 Data: [14 80]
ID: 0x102 DLC: 2 Data: [03 B1]
ID: 0x104 DLC: 2 Data: [02 73]
ID: 0x101 DLC: 2 Data: [14 93]
ID: 0x102 DLC: 2 Data: [03 B4]
ID: 0x101 DLC: 2 Data: [14 A5]
ID: 0x102 DLC: 2 Data: [03 B7]
ID: 0x101 DLC: 2 Data: [14 B3]
ID: 0x102 DLC: 2 Data: [03 BA]
ID: 0x101 DLC: 2 Data: [14 C2]
ID: 0x102 DLC: 2 Data: [03 BD]
ID: 0x101 DLC: 2 Data: [14 CF]
ID: 0x102 DLC: 2 Data: [03 BF]
ID: 0x103 DLC: 1 Data: [5B]
ID: 0x104 DLC: 2 Data: [02 72]
ID: 0x105 DLC: 1 Data: [83]
ID: 0x101 DLC: 2 Data: [14 DD]
ID: 0x102 DLC: 2 Data: [03 C1]
ID: 0x101 DLC: 2 Data: [14 E9]
ID: 0x102 DLC: 2 Data: [03 C4]
ID: 0x101 DLC: 2 Data: [14 F9]
ID: 0x102 DLC: 2 Data: [03 C6]
ID: 0x101 DLC: 2 Data: [15 07]
ID: 0x102 DLC: 2 Data: [03 C9]
ID: 0x101 DLC: 2 Data: [15 1B]
ID: 0x102 DLC: 2 Data: [03 CD]
ID: 0x104 DLC: 2 Data: [02 72]
ID: 0x101 DLC: 2 Data: [15 2F]
ID: 0x102 DLC: 2 Data: [03 D0]
ID: 0x101 DLC: 2 Data: [15 42]
ID: 0x102 DLC: 2 Data: [03 D4]
ID: 0x101 DLC: 2 Data: [15 4F]
ID: 0x102 DLC: 2 Data: [03 D6]
ID: 0x101 DLC: 2 Data: [15 61]
ID: 0x102 DLC: 2 Data: [03 D9]
ID: 0x101 DLC: 2 Data: [15 6E]
ID: 0x102 DLC: 2 Data: [03 DB]
ID: 0x103 DLC: 1 Data: [5A]
ID: 0x104 DLC: 2 Data: [02 72]
ID: 0x105 DLC: 1 Data: [86]
ID: 0x101 DLC: 2 Data: [15 7C]
ID: 0x102 DLC: 2 Data: [03 DE]
ID: 0x101 DLC: 2 Data: [15 7C]
ID: 0x102 DLC: 2 Data: [03 DE]
ID: 0x101 DLC: 2 Data: [15 7C]
ID: 0x102 DLC: 2 Data: [03 DE]
ID: 0x101 DLC: 2 Data: [15 7C]
ID: 0x102 DLC: 2 Data: [03 DE]
ID: 0x101 DLC: 2 Data: [15 7C]
ID: 0x102 DLC: 2 Data: [03 DE]
ID: 0x104 DLC: 2 Data: [02 71]
ID: 0x101 DLC: 2 Data: [15 7C]
ID: 0x102 DLC: 2 Data: [03 DE]
ID: 0x101 DLC: 2 Data: [15 7C]
ID: 0x102 DLC: 2 Data: [03 DE]
ID: 0x101 DLC: 2 Data: [15 7C]
ID: 0x102 DLC: 2 Data: [03 DE]
ID: 0x101 DLC: 2 Data: [15 7C]
ID: 0x102 DLC: 2 Data: [03 DE]
ID: 0x101 DLC: 2 Data: [15 7C]
ID: 0x102 DLC: 2 Data: [03 DE]
ID: 0x103 DLC: 1 Data: [5A]
ID: 0x104 DLC: 2 Data: [02 71]
ID: 0x105 DLC: 1 Data: [87]
ID: 0x101 DLC: 2 Data: [15 7C]
ID: 0x102 DLC: 2 Data: [03 DE]
ID: 0x101 DLC: 2 Data: [15 7C]
ID: 0x102 DLC: 2 Data: [03 DE]
ID: 0x101 DLC: 2 Data: [15 7C]
ID: 0x102 DLC: 2 Data: [03 DE]
ID: 0x101 DLC: 2 Data: [15 7C]
ID: 0x102 DLC: 2 Data: [03 DE]
ID: 0x101 DLC: 2 Data: [15 7C]
ID: 0x102 DLC: 2 Data: [03 DE]
ID: 0x104 DLC: 2 Data: [02 70]
ID: 0x101 DLC: 2 Data: [15 7C]
ID: 0x102 DLC: 2 Data: [03 DE]
ID: 0x101 DLC: 2 Data: [15 7C]
ID: 0x102 DLC: 2 Data: [03 DE]
ID: 0x101 DLC: 2 Data: [15 7C]
ID: 0x102 DLC: 2 Data: [03 DE]
ID: 0x101 DLC: 2 Data: [15 7C]
ID: 0x102 DLC: 2 Data: [03 DE]
ID: 0x101 DLC: 2 Data: [15 7C]
ID: 0x102 DLC: 2 Data: [03 DE]
ID: 0x103 DLC: 1 Data: [59]
ID: 0x104 DLC: 2 Data: [02 70]
ID: 0x105 DLC: 1 Data: [87]
ID: 0x101 DLC: 2 Data: [15 7C]
ID: 0x102 DLC: 2 Data: [03 DE]
ID: 0x101 DLC: 2 Data: [15 7C]
ID: 0x102 DLC: 2 Data: [03 DE]
ID: 0x101 DLC: 2 Data: [15 7C]
ID: 0x102 DLC: 2 Data: [03 DE]
ID: 0x101 DLC: 2 Data: [15 7C]
ID: 0x102 DLC: 2 Data: [03 DE]
ID: 0x101 DLC: 2 Data: [15 7C]
ID: 0x102 DLC: 2 Data: [03 DE]
ID: 0x104 DLC: 2 Data: [02 70]
ID: 0x101 DLC: 2 Data: [15 7C]
ID: 0x102 DLC: 2 Data: [03 DE]
ID: 0x101 DLC: 2 Data: [15 7C]
ID: 0x102 DLC: 2 Data: [03 DE]
ID: 0x101 DLC: 2 Data: [15 7C]
ID: 0x102 DLC: 2 Data: [03 DE]
ID: 0x101 DLC: 2 Data: [15 7C]
ID: 0x102 DLC: 2 Data: [03 DE]
ID: 0x101 DLC: 2 Data: [15 7C]
ID: 0x102 DLC: 2 Data: [03 DE]
ID: 0x103 DLC: 1 Data: [59]
ID: 0x104 DLC: 2 Data: [02 6F]
ID: 0x105 DLC: 1 Data: [87]
ID: 0x101 DLC: 2 Data: [15 7C]
ID: 0x102 DLC: 2 Data: [03 DE]
ID: 0x101 DLC: 2 Data: [15 7C]
ID: 0x102 DLC: 2 Data: [03 DE]
ID: 0x101 DLC: 2 Data: [15 7C]
ID: 0x102 DLC: 2 Data: [03 DE]
ID: 0x101 DLC: 2 Data: [15 7C]
ID: 0x102 DLC: 2 Data: [03 DE]
ID: 0x101 DLC: 2 Data: [15 7C]
ID: 0x102 DLC: 2 Data: [03 DE]
ID: 0x104 DLC: 2 Data: [02 6F]
ID: 0x101 DLC: 2 Data: [15 7C]
ID: 0x102 DLC: 2 Data: [03 DE]
ID: 0x101 DLC: 2 Data: [15 7C]
ID: 0x102 DLC: 2 Data: [03 DE]
ID: 0x101 DLC: 2 Data: [15 7C]
ID: 0x102 DLC: 2 Data: [03 DE]
ID: 0x101 DLC: 2 Data: [15 7C]
ID: 0x102 DLC: 2 Data: [03 DE]
ID: 0x101 DLC: 2 Data: [15 7C]
ID: 0x102 DLC: 2 Data: [03 DE]
ID: 0x103 DLC: 1 Data: [58]
ID: 0x104 DLC: 2 Data: [02 6E]
ID: 0x105 DLC: 1 Data: [87]
ID: 0x101 DLC: 2 Data: [15 7C]
ID: 0x102 DLC: 2 Data: [03 DE]
ID: 0x101 DLC: 2 Data: [15 7C]
ID: 0x102 DLC: 2 Data: [03 DE]
ID: 0x101 DLC: 2 Data: [15 7C]
ID: 0x102 DLC: 2 Data: [03 DE]
ID: 0x101 DLC: 2 Data: [15 7C]
ID: 0x102 DLC: 2 Data: [03 DE]
ID: 0x101 DLC: 2 Data: [15 7C]
ID: 0x102 DLC: 2 Data: [03 DE]
ID: 0x104 DLC: 2 Data: [02 6E]
ID: 0x101 DLC: 2 Data: [15 7C]
ID: 0x102 DLC: 2 Data: [03 DE]
ID: 0x101 DLC: 2 Data: [15 7C]
ID: 0x102 DLC: 2 Data: [03 DE]
ID: 0x101 DLC: 2 Data: [15 7C]
ID: 0x102 DLC: 2 Data: [03 DE]
ID: 0x101 DLC: 2 Data: [15 7C]
ID: 0x102 DLC: 2 Data: [03 DE]
ID: 0x101 DLC: 2 Data: [15 7C]
ID: 0x102 DLC: 2 Data: [03 DE]
ID: 0x103 DLC: 1 Data: [58]
ID: 0x104 DLC: 2 Data: [02 6E]
ID: 0x105 DLC: 1 Data: [87]
ID: 0x101 DLC: 2 Data: [15 7C]
ID: 0x102 DLC: 2 Data: [03 DE]
ID: 0x101 DLC: 2 Data: [15 7C]
ID: 0x102 DLC: 2 Data: [03 DE]
ID: 0x101 DLC: 2 Data: [15 7C]
ID: 0x102 DLC: 2 Data: [03 DE]
ID: 0x101 DLC: 2 Data: [15 7C]
ID: 0x102 DLC: 2 Data: [03 DE]
ID: 0x101 DLC: 2 Data: [15 7C]
ID: 0x102 DLC: 2 Data: [03 DE]
ID: 0x104 DLC: 2 Data: [02 6D]
ID: 0x101 DLC: 2 Data: [15 7C]
ID: 0x102 DLC: 2 Data: [03 DE]
ID: 0x101 DLC: 2 Data: [15 7C]
ID: 0x102 DLC: 2 Data: [03 DE]
ID: 0x101 DLC: 2 Data: [15 7C]
ID: 0x102 DLC: 2 Data: [03 DE]
ID: 0x101 DLC: 2 Data: [15 7C]
ID: 0x102 DLC: 2 Data: [03 DE]
ID: 0x101 DLC: 2 Data: [15 7C]
ID: 0x102 DLC: 2 Data: [03 DE]
ID: 0x103 DLC: 1 Data: [57]
ID: 0x104 DLC: 2 Data: [02 6D]
ID: 0x105 DLC: 1 Data: [87]
ID: 0x101 DLC: 2 Data: [15 7C]
ID: 0x102 DLC: 2 Data: [03 DE]
ID: 0x101 DLC: 2 Data: [15 7C]
ID: 0x102 DLC: 2 Data: [03 DE]
ID: 0x101 DLC: 2 Data: [15 7C]
ID: 0x102 DLC: 2 Data: [03 DE]
ID: 0x101 DLC: 2 Data: [15 7C]
ID: 0x102 DLC: 2 Data: [03 DE]
ID: 0x101 DLC: 2 Data: [15 7C]
ID: 0x102 DLC: 2 Data: [03 DE]
ID: 0x104 DLC: 2 Data: [02 6C]
ID: 0x101 DLC: 2 Data: [15 7C]
ID: 0x102 DLC: 2 Data: [03 DE]
ID: 0x101 DLC: 2 Data: [15 7C]
ID: 0x102 DLC: 2 Data: [03 DE]
ID: 0x101 DLC: 2 Data: [15 7C]
ID: 0x102 DLC: 2 Data: [03 DE]
ID: 0x101 DLC: 2 Data: [15 7C]
ID: 0x102 DLC: 2 Data: [03 DE]
